 
****************************************
Report : power
        -net
        -cell
        -analysis_effort medium
        -verbose
        -flat
        -sort_mode dynamic_power
Design : riscv
Version: J-2014.09-SP4
Date   : Mon Feb  4 13:49:06 2019
****************************************


Library(s) Used:

    No libraries used.


Operating Conditions: tt1p05vn40c   Library: saed32lvt_tt1p05vn40c
Wire Load Model Mode: enclosed

Design        Wire Load Model            Library
------------------------------------------------
riscv                  ForQA             saed32lvt_tt1p05vn40c


Global Operating Voltage = 1.05 
Power-specific unit information :
    Voltage Units = 1V
    Capacitance Units = 1.000000ff
    Time Units = 1ns
    Dynamic Power Units = 1uW    (derived from V,C,T units)
    Leakage Power Units = 1pW



  Attributes
  ----------
      a  -  Switching activity information annotated on net
      d  -  Default switching activity information on net

                             Total      Static   Toggle   Switching
Net                          Net Load   Prob.    Rate     Power      Attrs
--------------------------------------------------------------------------------
WB_Data[0]                    18.691    0.000    0.0000      0.0000  d
--------------------------------------------------------------------------------
Total (1 net)                                                0.0000 uW



  Attributes
  ----------
      a  -  Switching activity information annotated on net
      d  -  Default switching activity information on net
      m  -  Multiply-driven net

                          Net         Driver     Tot Dynamic     Driver
                          Switching   Internal   Power           Leakage
Net                       Power       Power      (% Net/Tot)     Power    Attrs
--------------------------------------------------------------------------------
WB_Data[0]                   0.0000     0.0000     0.000 (N/A)     0.0000   d
--------------------------------------------------------------------------------
Totals (1 net)               0.000uW    0.000uW    0.000uW (N/A)   0.000pW


  Attributes
  ----------
      h  -  Hierarchical cell

                        Cell      Driven Net  Tot Dynamic      Cell
                        Internal  Switching   Power            Leakage
Cell                    Power     Power       (% Cell/Tot)     Power      Attrs
--------------------------------------------------------------------------------
--------------------------------------------------------------------------------
Totals (0 cells)           0.000uW   0.000uW     0.000uW (N/A)    0.000pW
1
