Information: Updating design information... (UID-85)
 
****************************************
Report : qor
Design : riscv
Version: J-2014.09-SP4
Date   : Thu Feb  7 11:39:45 2019
****************************************



  Cell Count
  -----------------------------------
  Hierarchical Cell Count:          0
  Hierarchical Port Count:          0
  Leaf Cell Count:                  0
  Buf/Inv Cell Count:               0
  Buf Cell Count:                   0
  Inv Cell Count:                   0
  CT Buf/Inv Cell Count:            0
  Combinational Cell Count:         0
  Sequential Cell Count:            0
  Macro Count:                      0
  -----------------------------------


  Area
  -----------------------------------
  Combinational Area:        0.000000
  Noncombinational Area:     0.000000
  Buf/Inv Area:              0.000000
  Total Buffer Area:             0.00
  Total Inverter Area:           0.00
  Macro/Black Box Area:      0.000000
  Net Area:                  6.994064
  -----------------------------------
  Cell Area:                 0.000000
  Design Area:               6.994064


  Design Rules
  -----------------------------------
  Total Number of Nets:             1
  Nets With Violations:             0
  Max Trans Violations:             0
  Max Cap Violations:               0
  -----------------------------------


  Hostname: zuma.eecs.uci.edu

  Compile CPU Statistics
  -----------------------------------------
  Resource Sharing:                    9.30
  Logic Optimization:                  0.51
  Mapping Optimization:                0.39
  -----------------------------------------
  Overall Compile Time:              110.06
  Overall Compile Wall Clock Time:   112.08

  --------------------------------------------------------------------

  Design  WNS: 0.00  TNS: 0.00  Number of Violating Paths: 0


  Design (Hold)  WNS: 0.00  TNS: 0.00  Number of Violating Paths: 0

  --------------------------------------------------------------------


1
